// Jest Snapshot v1, https://goo.gl/fbAQLP

exports[`Map component test 1`] = `
<section
  className="cities__map map"
/>
`;
