// Jest Snapshot v1, https://goo.gl/fbAQLP

exports[`App component test 1`] = `null`;
